../Core/Src/main.c:79:6:sendData	16	static
../Core/Src/main.c:88:6:modbusException	16	static
../Core/Src/main.c:100:9:readHoldingRegs	24	static
../Core/Src/main.c:139:9:readInputRegs	24	static
../Core/Src/main.c:178:9:writeHoldingRegs	16	static
../Core/Src/main.c:222:5:main	8	static
../Core/Src/main.c:267:6:HAL_UART_RxCpltCallback	16	static
../Core/Src/main.c:296:6:HAL_TIM_PeriodElapsedCallback	16	static
../Core/Src/main.c:316:6:SystemClock_Config	72	static
../Core/Src/main.c:356:13:MX_TIM3_Init	32	static
../Core/Src/main.c:401:13:MX_USART2_UART_Init	8	static
../Core/Src/main.c:434:13:MX_USART3_UART_Init	8	static
../Core/Src/main.c:467:13:MX_GPIO_Init	40	static
../Core/Src/main.c:501:6:Error_Handler	4	static,ignoring_inline_asm
